#! /c/Source/iverilog-install/bin/vvp
:ivl_version "12.0 (devel)" "(s20150603-1539-g2693dd32b)";
:ivl_delay_selection "TYPICAL";
:vpi_time_precision - 12;
:vpi_module "C:\iverilog\lib\ivl\system.vpi";
:vpi_module "C:\iverilog\lib\ivl\vhdl_sys.vpi";
:vpi_module "C:\iverilog\lib\ivl\vhdl_textio.vpi";
:vpi_module "C:\iverilog\lib\ivl\v2005_math.vpi";
:vpi_module "C:\iverilog\lib\ivl\va_math.vpi";
:vpi_module "C:\iverilog\lib\ivl\v2009.vpi";
S_000001df1389e6c0 .scope package, "$unit" "$unit" 2 1;
 .timescale 0 0;
S_000001df1389e850 .scope module, "tb_bcd_to_7seg" "tb_bcd_to_7seg" 3 3;
 .timescale -9 -12;
P_000001df1389bd00 .param/str "BOLD" 1 3 24, "\033[1m";
P_000001df1389bd38 .param/str "GREEN" 1 3 22, "\033[1;32m";
P_000001df1389bd70 .param/str "RED" 1 3 21, "\033[1;31m";
P_000001df1389bda8 .param/str "RESET" 1 3 23, "\033[0m";
v000001df13752ef0_0 .var "bcd_in", 3 0;
v000001df13780820_0 .var/i "errors", 31 0;
v000001df137808c0 .array "expected_patterns", 15 0, 6 0;
v000001df13780960_0 .var/i "i", 31 0;
v000001df13780a00_0 .net "seg_out", 6 0, L_000001df137936e0;  1 drivers
S_000001df13752b30 .scope task, "draw_digit" "draw_digit" 3 72, 3 72 0, S_000001df1389e850;
 .timescale -9 -12;
v000001df1389e9e0_0 .var "s", 6 0;
TD_tb_bcd_to_7seg.draw_digit ;
    %vpi_call/w 3 78 "$write", "      " {0 0 0};
    %load/vec4 v000001df1389e9e0_0;
    %parti/s 1, 0, 2;
    %flag_set/vec4 8;
    %jmp/0xz  T_0.0, 8;
    %vpi_call/w 3 79 "$write", "%s _ %s", P_000001df1389bd70, P_000001df1389bda8 {0 0 0};
    %jmp T_0.1;
T_0.0 ;
    %vpi_call/w 3 80 "$write", "   " {0 0 0};
T_0.1 ;
    %vpi_call/w 3 81 "$write", "\012" {0 0 0};
    %vpi_call/w 3 84 "$write", "     " {0 0 0};
    %load/vec4 v000001df1389e9e0_0;
    %parti/s 1, 5, 4;
    %flag_set/vec4 8;
    %jmp/0xz  T_0.2, 8;
    %vpi_call/w 3 85 "$write", "%s|%s", P_000001df1389bd70, P_000001df1389bda8 {0 0 0};
    %jmp T_0.3;
T_0.2 ;
    %vpi_call/w 3 85 "$write", " " {0 0 0};
T_0.3 ;
    %load/vec4 v000001df1389e9e0_0;
    %parti/s 1, 6, 4;
    %flag_set/vec4 8;
    %jmp/0xz  T_0.4, 8;
    %vpi_call/w 3 86 "$write", "%s_%s", P_000001df1389bd70, P_000001df1389bda8 {0 0 0};
    %jmp T_0.5;
T_0.4 ;
    %vpi_call/w 3 86 "$write", " " {0 0 0};
T_0.5 ;
    %load/vec4 v000001df1389e9e0_0;
    %parti/s 1, 1, 2;
    %flag_set/vec4 8;
    %jmp/0xz  T_0.6, 8;
    %vpi_call/w 3 87 "$write", "%s|%s", P_000001df1389bd70, P_000001df1389bda8 {0 0 0};
    %jmp T_0.7;
T_0.6 ;
    %vpi_call/w 3 87 "$write", " " {0 0 0};
T_0.7 ;
    %vpi_call/w 3 88 "$write", "\012" {0 0 0};
    %vpi_call/w 3 91 "$write", "     " {0 0 0};
    %load/vec4 v000001df1389e9e0_0;
    %parti/s 1, 4, 4;
    %flag_set/vec4 8;
    %jmp/0xz  T_0.8, 8;
    %vpi_call/w 3 92 "$write", "%s|%s", P_000001df1389bd70, P_000001df1389bda8 {0 0 0};
    %jmp T_0.9;
T_0.8 ;
    %vpi_call/w 3 92 "$write", " " {0 0 0};
T_0.9 ;
    %load/vec4 v000001df1389e9e0_0;
    %parti/s 1, 3, 3;
    %flag_set/vec4 8;
    %jmp/0xz  T_0.10, 8;
    %vpi_call/w 3 93 "$write", "%s_%s", P_000001df1389bd70, P_000001df1389bda8 {0 0 0};
    %jmp T_0.11;
T_0.10 ;
    %vpi_call/w 3 93 "$write", " " {0 0 0};
T_0.11 ;
    %load/vec4 v000001df1389e9e0_0;
    %parti/s 1, 2, 3;
    %flag_set/vec4 8;
    %jmp/0xz  T_0.12, 8;
    %vpi_call/w 3 94 "$write", "%s|%s", P_000001df1389bd70, P_000001df1389bda8 {0 0 0};
    %jmp T_0.13;
T_0.12 ;
    %vpi_call/w 3 94 "$write", " " {0 0 0};
T_0.13 ;
    %vpi_call/w 3 95 "$write", "\012\012" {0 0 0};
    %end;
S_000001df13752cc0 .scope module, "dut" "bcd_to_7seg" 3 15, 4 7 0, S_000001df1389e850;
 .timescale 0 0;
    .port_info 0 /INPUT 4 "bcd_in";
    .port_info 1 /OUTPUT 7 "seg_out";
P_000001df1377d950 .param/l "ACTIVE_LOW" 0 4 8, +C4<00000000000000000000000000000000>;
L_000001df137936e0 .functor BUFZ 7, v000001df13752e50_0, C4<0000000>, C4<0000000>, C4<0000000>;
v000001df1389ea80_0 .net "bcd_in", 3 0, v000001df13752ef0_0;  1 drivers
v000001df13779a30_0 .net "seg_out", 6 0, L_000001df137936e0;  alias, 1 drivers
v000001df13752e50_0 .var "segments_raw", 6 0;
E_000001df1377d9d0 .event anyedge, v000001df1389ea80_0;
    .scope S_000001df13752cc0;
T_1 ;
    %wait E_000001df1377d9d0;
    %load/vec4 v000001df1389ea80_0;
    %dup/vec4;
    %pushi/vec4 0, 0, 4;
    %cmp/u;
    %jmp/1 T_1.0, 6;
    %dup/vec4;
    %pushi/vec4 1, 0, 4;
    %cmp/u;
    %jmp/1 T_1.1, 6;
    %dup/vec4;
    %pushi/vec4 2, 0, 4;
    %cmp/u;
    %jmp/1 T_1.2, 6;
    %dup/vec4;
    %pushi/vec4 3, 0, 4;
    %cmp/u;
    %jmp/1 T_1.3, 6;
    %dup/vec4;
    %pushi/vec4 4, 0, 4;
    %cmp/u;
    %jmp/1 T_1.4, 6;
    %dup/vec4;
    %pushi/vec4 5, 0, 4;
    %cmp/u;
    %jmp/1 T_1.5, 6;
    %dup/vec4;
    %pushi/vec4 6, 0, 4;
    %cmp/u;
    %jmp/1 T_1.6, 6;
    %dup/vec4;
    %pushi/vec4 7, 0, 4;
    %cmp/u;
    %jmp/1 T_1.7, 6;
    %dup/vec4;
    %pushi/vec4 8, 0, 4;
    %cmp/u;
    %jmp/1 T_1.8, 6;
    %dup/vec4;
    %pushi/vec4 9, 0, 4;
    %cmp/u;
    %jmp/1 T_1.9, 6;
    %pushi/vec4 0, 0, 7;
    %store/vec4 v000001df13752e50_0, 0, 7;
    %jmp T_1.11;
T_1.0 ;
    %pushi/vec4 63, 0, 7;
    %store/vec4 v000001df13752e50_0, 0, 7;
    %jmp T_1.11;
T_1.1 ;
    %pushi/vec4 6, 0, 7;
    %store/vec4 v000001df13752e50_0, 0, 7;
    %jmp T_1.11;
T_1.2 ;
    %pushi/vec4 91, 0, 7;
    %store/vec4 v000001df13752e50_0, 0, 7;
    %jmp T_1.11;
T_1.3 ;
    %pushi/vec4 79, 0, 7;
    %store/vec4 v000001df13752e50_0, 0, 7;
    %jmp T_1.11;
T_1.4 ;
    %pushi/vec4 102, 0, 7;
    %store/vec4 v000001df13752e50_0, 0, 7;
    %jmp T_1.11;
T_1.5 ;
    %pushi/vec4 109, 0, 7;
    %store/vec4 v000001df13752e50_0, 0, 7;
    %jmp T_1.11;
T_1.6 ;
    %pushi/vec4 125, 0, 7;
    %store/vec4 v000001df13752e50_0, 0, 7;
    %jmp T_1.11;
T_1.7 ;
    %pushi/vec4 7, 0, 7;
    %store/vec4 v000001df13752e50_0, 0, 7;
    %jmp T_1.11;
T_1.8 ;
    %pushi/vec4 127, 0, 7;
    %store/vec4 v000001df13752e50_0, 0, 7;
    %jmp T_1.11;
T_1.9 ;
    %pushi/vec4 111, 0, 7;
    %store/vec4 v000001df13752e50_0, 0, 7;
    %jmp T_1.11;
T_1.11 ;
    %pop/vec4 1;
    %jmp T_1;
    .thread T_1, $push;
    .scope S_000001df1389e850;
T_2 ;
    %pushi/vec4 0, 0, 32;
    %store/vec4 v000001df13780820_0, 0, 32;
    %end;
    .thread T_2, $init;
    .scope S_000001df1389e850;
T_3 ;
    %pushi/vec4 63, 0, 7;
    %ix/load 4, 0, 0;
    %flag_set/imm 4, 0;
    %store/vec4a v000001df137808c0, 4, 0;
    %pushi/vec4 6, 0, 7;
    %ix/load 4, 1, 0;
    %flag_set/imm 4, 0;
    %store/vec4a v000001df137808c0, 4, 0;
    %pushi/vec4 91, 0, 7;
    %ix/load 4, 2, 0;
    %flag_set/imm 4, 0;
    %store/vec4a v000001df137808c0, 4, 0;
    %pushi/vec4 79, 0, 7;
    %ix/load 4, 3, 0;
    %flag_set/imm 4, 0;
    %store/vec4a v000001df137808c0, 4, 0;
    %pushi/vec4 102, 0, 7;
    %ix/load 4, 4, 0;
    %flag_set/imm 4, 0;
    %store/vec4a v000001df137808c0, 4, 0;
    %pushi/vec4 109, 0, 7;
    %ix/load 4, 5, 0;
    %flag_set/imm 4, 0;
    %store/vec4a v000001df137808c0, 4, 0;
    %pushi/vec4 125, 0, 7;
    %ix/load 4, 6, 0;
    %flag_set/imm 4, 0;
    %store/vec4a v000001df137808c0, 4, 0;
    %pushi/vec4 7, 0, 7;
    %ix/load 4, 7, 0;
    %flag_set/imm 4, 0;
    %store/vec4a v000001df137808c0, 4, 0;
    %pushi/vec4 127, 0, 7;
    %ix/load 4, 8, 0;
    %flag_set/imm 4, 0;
    %store/vec4a v000001df137808c0, 4, 0;
    %pushi/vec4 111, 0, 7;
    %ix/load 4, 9, 0;
    %flag_set/imm 4, 0;
    %store/vec4a v000001df137808c0, 4, 0;
    %pushi/vec4 10, 0, 32;
    %store/vec4 v000001df13780960_0, 0, 32;
T_3.0 ;
    %load/vec4 v000001df13780960_0;
    %cmpi/s 16, 0, 32;
    %jmp/0xz T_3.1, 5;
    %pushi/vec4 0, 0, 7;
    %ix/getv/s 4, v000001df13780960_0;
    %store/vec4a v000001df137808c0, 4, 0;
    %load/vec4 v000001df13780960_0;
    %addi 1, 0, 32;
    %store/vec4 v000001df13780960_0, 0, 32;
    %jmp T_3.0;
T_3.1 ;
    %end;
    .thread T_3;
    .scope S_000001df1389e850;
T_4 ;
    %vpi_call/w 3 38 "$display", "%s\012=============================================", P_000001df1389bd00 {0 0 0};
    %vpi_call/w 3 39 "$display", "   SIMULARE DIGITALA AFISAJ 7 SEGMENTE   " {0 0 0};
    %vpi_call/w 3 40 "$display", "=============================================%s", P_000001df1389bda8 {0 0 0};
    %pushi/vec4 0, 0, 32;
    %store/vec4 v000001df13780960_0, 0, 32;
T_4.0 ;
    %load/vec4 v000001df13780960_0;
    %cmpi/s 9, 0, 32;
    %flag_or 5, 4;
    %jmp/0xz T_4.1, 5;
    %load/vec4 v000001df13780960_0;
    %pad/s 4;
    %store/vec4 v000001df13752ef0_0, 0, 4;
    %delay 10000, 0;
    %load/vec4 v000001df13780a00_0;
    %ix/getv/s 4, v000001df13780960_0;
    %load/vec4a v000001df137808c0, 4;
    %cmp/e;
    %jmp/0xz  T_4.2, 6;
    %vpi_call/w 3 48 "$display", "Test %0d: Input %b -> Output %b %s[PASS]%s", v000001df13780960_0, &PV<v000001df13780960_0, 0, 4>, v000001df13780a00_0, P_000001df1389bd38, P_000001df1389bda8 {0 0 0};
    %jmp T_4.3;
T_4.2 ;
    %vpi_call/w 3 51 "$display", "Test %0d: Input %b -> Output %b %s[FAIL] (Expected %b)%s", v000001df13780960_0, &PV<v000001df13780960_0, 0, 4>, v000001df13780a00_0, P_000001df1389bd70, &A<v000001df137808c0, v000001df13780960_0 >, P_000001df1389bda8 {0 0 0};
    %load/vec4 v000001df13780820_0;
    %addi 1, 0, 32;
    %store/vec4 v000001df13780820_0, 0, 32;
T_4.3 ;
    %load/vec4 v000001df13780a00_0;
    %store/vec4 v000001df1389e9e0_0, 0, 7;
    %fork TD_tb_bcd_to_7seg.draw_digit, S_000001df13752b30;
    %join;
    %delay 100000, 0;
    %load/vec4 v000001df13780960_0;
    %addi 1, 0, 32;
    %store/vec4 v000001df13780960_0, 0, 32;
    %jmp T_4.0;
T_4.1 ;
    %vpi_call/w 3 62 "$display", "\012=============================================" {0 0 0};
    %load/vec4 v000001df13780820_0;
    %cmpi/e 0, 0, 32;
    %jmp/0xz  T_4.4, 4;
    %vpi_call/w 3 64 "$display", "%sTOATE TESTELE AU TRECUT CU SUCCES!%s", P_000001df1389bd38, P_000001df1389bda8 {0 0 0};
    %jmp T_4.5;
T_4.4 ;
    %vpi_call/w 3 66 "$display", "%sS-AU GASIT %0d ERORI!%s", P_000001df1389bd70, v000001df13780820_0, P_000001df1389bda8 {0 0 0};
T_4.5 ;
    %vpi_call/w 3 67 "$display", "=============================================\012" {0 0 0};
    %vpi_call/w 3 68 "$finish" {0 0 0};
    %end;
    .thread T_4;
# The file index is used to find the file name in the following table.
:file_names 5;
    "N/A";
    "<interactive>";
    "-";
    "tb_bcd_to_7seg.v";
    "bcd_to_7seg.v";
